src/tools/SnakeGame.tsx(19,17): error TS2554: Expected 1 arguments, but got 0.
src/tools/StopwatchTimer.tsx(10,17): error TS2554: Expected 1 arguments, but got 0.
src/tools/StopwatchTimer.tsx(14,17): error TS2554: Expected 1 arguments, but got 0.
